// Jest Snapshot v1, https://goo.gl/fbAQLP

exports[`types 1`] = `
[
  "schemas/assetlist.schema.ts",
  "schemas/chain.schema.ts",
]
`;

exports[`types 2`] = `
"export interface Asset {
  deprecated?: boolean;
  description?: string;
  extended_description?: string;
  denom_units: DenomUnit[];
  type_asset?: "sdk.coin" | "cw20" | "erc20" | "ics20" | "snip20" | "snip25" | "bitcoin-like" | "evm-base" | "svm-base" | "substrate";
  address?: string;
  base: string;
  name: string;
  display: string;
  symbol: string;
  traces?: (IbcTransition | IbcCw20Transition | NonIbcTransition)[];
  ibc?: {
    source_channel: string;
    dst_channel: string;
    source_denom: string;
  };
  logo_URIs?: {
    png?: string;
    svg?: string;
  };
  images?: {
    image_sync?: Pointer;
    png?: string;
    svg?: string;
    theme?: {
      primary_color_hex?: string;
      circle?: boolean;
      dark_mode?: boolean;
    };
  }[];
  coingecko_id?: string;
  keywords?: string[];
  socials?: {
    website?: string;
    twitter?: string;
  };
}
export interface DenomUnit {
  denom: string;
  exponent: number;
  aliases?: string[];
}
export interface Pointer {
  chain_name: string;
  base_denom?: string;
}
export interface IbcTransition {
  type: "ibc";
  counterparty: {
    chain_name: string;
    base_denom: string;
    channel_id: string;
  };
  chain: {
    channel_id: string;
    path: string;
  };
}
export interface IbcCw20Transition {
  type: "ibc-cw20";
  counterparty: {
    chain_name: string;
    base_denom: string;
    port: string;
    channel_id: string;
  };
  chain: {
    port: string;
    channel_id: string;
    path: string;
  };
}
export interface NonIbcTransition {
  type: "bridge" | "liquid-stake" | "synthetic" | "wrapped" | "additional-mintage" | "test-mintage";
  counterparty: {
    chain_name: string;
    base_denom: string;
    contract?: string;
  };
  chain?: {
    contract: string;
  };
  provider: string;
}
export interface AssetLists {
  $schema?: string;
  chain_name: string;
  assets: Asset[];
}"
`;

exports[`types 3`] = `
"export interface Peer {
  id: string;
  address: string;
  provider?: string;
}
export interface Endpoint {
  address: string;
  provider?: string;
  archive?: boolean;
}
export interface Explorer {
  kind?: string;
  url?: string;
  tx_page?: string;
  account_page?: string;
}
export interface FeeToken {
  denom: string;
  fixed_min_gas_price?: number;
  low_gas_price?: number;
  average_gas_price?: number;
  high_gas_price?: number;
  gas_costs?: {
    cosmos_send?: number;
    ibc_transfer?: number;
  };
}
export interface StakingToken {
  denom: string;
}
export interface Pointer {
  chain_name: string;
  base_denom?: string;
}
export interface CosmosChain {
  $schema?: string;
  chain_name: string;
  chain_id: string;
  pre_fork_chain_name?: string;
  pretty_name?: string;
  website?: string;
  update_link?: string;
  status?: "live" | "upcoming" | "killed";
  network_type?: "mainnet" | "testnet" | "devnet";
  bech32_prefix: string;
  bech32_config?: {
    bech32PrefixAccAddr?: string;
    bech32PrefixAccPub?: string;
    bech32PrefixValAddr?: string;
    bech32PrefixValPub?: string;
    bech32PrefixConsAddr?: string;
    bech32PrefixConsPub?: string;
  };
  daemon_name?: string;
  node_home?: string;
  key_algos?: ("secp256k1" | "ethsecp256k1" | "ed25519" | "sr25519" | "bn254")[];
  slip44?: number;
  alternative_slip44s?: number[];
  fees?: {
    fee_tokens: FeeToken[];
  };
  staking?: {
    staking_tokens: StakingToken[];
    lock_duration?: {
      blocks?: number;
      time?: string;
    };
  };
  codebase?: {
    git_repo?: string;
    recommended_version?: string;
    go_version?: string;
    compatible_versions?: string[];
    binaries?: {
      "linux/amd64"?: string;
      "linux/arm64"?: string;
      "darwin/amd64"?: string;
      "darwin/arm64"?: string;
      "windows/amd64"?: string;
      "windows/arm64"?: string;
    };
    cosmos_sdk_version?: string;
    consensus?: {
      type: "tendermint" | "cometbft" | "sei-tendermint";
      version?: string;
    };
    cosmwasm_version?: string;
    cosmwasm_enabled?: boolean;
    cosmwasm_path?: string;
    ibc_go_version?: string;
    ics_enabled?: ("ics20-1" | "ics27-1" | "mauth")[];
    genesis?: {
      name?: string;
      genesis_url: string;
      ics_ccv_url?: string;
    };
    versions?: {
      name: string;
      tag?: string;
      height?: number;
      proposal?: number;
      previous_version_name?: string;
      next_version_name?: string;
      recommended_version?: string;
      go_version?: string;
      compatible_versions?: string[];
      cosmos_sdk_version?: string;
      consensus?: {
        type: "tendermint" | "cometbft" | "sei-tendermint";
        version?: string;
      };
      cosmwasm_version?: string;
      cosmwasm_enabled?: boolean;
      cosmwasm_path?: string;
      ibc_go_version?: string;
      ics_enabled?: ("ics20-1" | "ics27-1" | "mauth")[];
      binaries?: {
        "linux/amd64"?: string;
        "linux/arm64"?: string;
        "darwin/amd64"?: string;
        "darwin/arm64"?: string;
        "windows/amd64"?: string;
        "windows/arm64"?: string;
      };
    }[];
  };
  images?: {
    image_sync?: Pointer;
    png?: string;
    svg?: string;
    theme?: {
      primary_color_hex?: string;
      circle?: boolean;
      dark_mode?: boolean;
    };
    layout?: "logo" | "logomark" | "logotype";
    text_position?: "top" | "bottom" | "left" | "right" | "integrated";
  }[];
  logo_URIs?: {
    png?: string;
    svg?: string;
  };
  description?: string;
  peers?: {
    seeds?: Peer[];
    persistent_peers?: Peer[];
  };
  apis?: {
    rpc?: Endpoint[];
    rest?: Endpoint[];
    grpc?: Endpoint[];
    wss?: Endpoint[];
    "grpc-web"?: Endpoint[];
    "evm-http-jsonrpc"?: Endpoint[];
  };
  explorers?: Explorer[];
  keywords?: string[];
  extra_codecs?: ("ethermint" | "injective")[];
}"
`;
