// Jest Snapshot v1, https://goo.gl/fbAQLP

exports[`numAssets 1`] = `289`;

exports[`numChains 1`] = `262`;

exports[`numIBC 1`] = `614`;

exports[`numSchemas 1`] = `5`;
