// Jest Snapshot v1, https://goo.gl/fbAQLP

exports[`registry 1`] = `
{
  "assetLists": 292,
  "chains": 265,
  "ibcData": 616,
  "memoKeys": 1,
  "versions": 2,
}
`;
